src/app/about/page.tsx(19,38): error TS1002: Unterminated string literal.
src/app/about/page.tsx(20,25): error TS1005: ',' expected.
src/app/about/page.tsx(21,25): error TS1005: ',' expected.
src/app/about/page.tsx(22,25): error TS1005: ',' expected.
src/app/about/page.tsx(22,37): error TS1005: ':' expected.
src/app/about/page.tsx(23,22): error TS1109: Expression expected.
src/app/about/page.tsx(27,36): error TS1002: Unterminated string literal.
src/app/about/page.tsx(28,25): error TS1005: ',' expected.
src/app/about/page.tsx(34,34): error TS17008: JSX element 'p' has no corresponding closing tag.
src/app/about/page.tsx(34,129): error TS1002: Unterminated string literal.
src/app/about/page.tsx(35,29): error TS1005: ',' expected.
src/app/about/page.tsx(39,34): error TS17008: JSX element 'p' has no corresponding closing tag.
src/app/about/page.tsx(39,130): error TS1002: Unterminated string literal.
src/app/about/page.tsx(40,29): error TS1005: ',' expected.
src/app/about/page.tsx(44,34): error TS17008: JSX element 'p' has no corresponding closing tag.
src/app/about/page.tsx(44,131): error TS1002: Unterminated string literal.
src/app/about/page.tsx(45,29): error TS1005: ',' expected.
src/app/about/page.tsx(48,17): error TS1005: ',' expected.
src/app/contact/page.tsx(53,14): error TS17008: JSX element 'Container' has no corresponding closing tag.
src/app/contact/page.tsx(55,34): error TS1002: Unterminated string literal.
src/app/contact/page.tsx(56,21): error TS1005: ',' expected.
src/app/contact/page.tsx(56,33): error TS1003: Identifier expected.
src/app/contact/page.tsx(56,37): error TS1002: Unterminated string literal.
src/app/contact/page.tsx(57,33): error TS1005: ':' expected.
src/app/contact/page.tsx(58,21): error TS1005: ',' expected.
src/app/contact/page.tsx(59,18): error TS1109: Expression expected.
src/app/contact/page.tsx(69,30): error TS17008: JSX element 'h3' has no corresponding closing tag.
src/app/contact/page.tsx(69,101): error TS1002: Unterminated string literal.
src/app/contact/page.tsx(70,32): error TS1005: ',' expected.
src/app/contact/page.tsx(70,104): error TS1003: Identifier expected.
src/app/contact/page.tsx(70,112): error TS1002: Unterminated string literal.
src/app/contact/page.tsx(72,29): error TS1003: Identifier expected.
src/app/contact/page.tsx(72,34): error TS1005: ',' expected.
src/app/contact/page.tsx(73,33): error TS2657: JSX expressions must have one parent element.
src/app/contact/page.tsx(76,42): error TS17008: JSX element 'h4' has no corresponding closing tag.
src/app/contact/page.tsx(76,132): error TS1002: Unterminated string literal.
src/app/contact/page.tsx(77,44): error TS1005: ',' expected.
src/app/contact/page.tsx(77,104): error TS1003: Identifier expected.
src/app/contact/page.tsx(77,112): error TS1002: Unterminated string literal.
src/app/contact/page.tsx(78,37): error TS1138: Parameter declaration expected.
src/app/contact/page.tsx(84,42): error TS17008: JSX element 'h4' has no corresponding closing tag.
src/app/contact/page.tsx(84,132): error TS1002: Unterminated string literal.
src/app/contact/page.tsx(85,44): error TS1005: ',' expected.
src/app/contact/page.tsx(85,97): error TS1003: Identifier expected.
src/app/contact/page.tsx(85,105): error TS1002: Unterminated string literal.
src/app/contact/page.tsx(86,37): error TS1138: Parameter declaration expected.
src/app/contact/page.tsx(92,42): error TS17008: JSX element 'h4' has no corresponding closing tag.
src/app/contact/page.tsx(92,132): error TS1002: Unterminated string literal.
src/app/contact/page.tsx(93,44): error TS1005: ',' expected.
src/app/contact/page.tsx(93,50): error TS1136: Property assignment expected.
src/app/contact/page.tsx(93,80): error TS1005: ',' expected.
src/app/contact/page.tsx(93,88): error TS1005: ',' expected.
src/app/contact/page.tsx(93,100): error TS1005: ',' expected.
src/app/contact/page.tsx(93,106): error TS1005: ',' expected.
src/app/contact/page.tsx(93,111): error TS1005: ',' expected.
src/app/contact/page.tsx(93,116): error TS1005: ',' expected.
src/app/contact/page.tsx(93,148): error TS1382: Unexpected token. Did you mean `{'>'}` or `&gt;`?
src/app/contact/page.tsx(93,160): error TS1002: Unterminated string literal.
src/app/contact/page.tsx(94,37): error TS1005: ',' expected.
src/app/contact/page.tsx(100,42): error TS17008: JSX element 'h4' has no corresponding closing tag.
src/app/contact/page.tsx(100,132): error TS1002: Unterminated string literal.
src/app/contact/page.tsx(101,44): error TS1005: ',' expected.
src/app/contact/page.tsx(101,104): error TS1003: Identifier expected.
src/app/contact/page.tsx(101,112): error TS1002: Unterminated string literal.
src/app/contact/page.tsx(102,37): error TS1138: Parameter declaration expected.
src/app/contact/page.tsx(104,29): error TS1005: ',' expected.
src/app/contact/page.tsx(108,21): error TS1005: ',' expected.
src/app/contact/page.tsx(109,21): error TS1005: ',' expected.
src/app/contact/page.tsx(109,26): error TS1005: ',' expected.
src/app/contact/page.tsx(112,29): error TS1003: Identifier expected.
src/app/contact/page.tsx(112,34): error TS1005: ',' expected.
src/app/contact/page.tsx(113,33): error TS2657: JSX expressions must have one parent element.
src/app/contact/page.tsx(116,100): error TS1002: Unterminated string literal.
src/app/contact/page.tsx(117,36): error TS1005: ',' expected.
src/app/contact/page.tsx(117,79): error TS1005: ',' expected.
src/app/contact/page.tsx(117,91): error TS1005: ',' expected.
src/app/contact/page.tsx(117,96): error TS1005: ',' expected.
src/app/contact/page.tsx(117,105): error TS1005: ',' expected.
src/app/contact/page.tsx(117,112): error TS1003: Identifier expected.
src/app/contact/page.tsx(117,114): error TS17002: Expected corresponding JSX closing tag for 'h3'.
src/app/contact/page.tsx(118,29): error TS1005: ',' expected.
src/app/contact/page.tsx(119,27): error TS1005: ';' expected.
src/app/contact/page.tsx(122,38): error TS17008: JSX element 'label' has no corresponding closing tag.
src/app/contact/page.tsx(122,128): error TS1002: Unterminated string literal.
src/app/contact/page.tsx(123,44): error TS1005: ',' expected.
src/app/contact/page.tsx(123,53): error TS1005: ',' expected.
src/app/contact/page.tsx(123,65): error TS1005: ',' expected.
src/app/contact/page.tsx(123,80): error TS1005: ',' expected.
src/app/contact/page.tsx(123,87): error TS1005: ',' expected.
src/app/contact/page.tsx(123,99): error TS1005: ',' expected.
src/app/contact/page.tsx(123,100): error TS1382: Unexpected token. Did you mean `{'>'}` or `&gt;`?
src/app/contact/page.tsx(123,133): error TS1005: '}' expected.
src/app/contact/page.tsx(123,150): error TS1381: Unexpected token. Did you mean `{'}'}` or `&rbrace;`?
src/app/contact/page.tsx(123,152): error TS1381: Unexpected token. Did you mean `{'}'}` or `&rbrace;`?
src/app/contact/page.tsx(123,346): error TS1382: Unexpected token. Did you mean `{'>'}` or `&gt;`?
src/app/contact/page.tsx(127,42): error TS17008: JSX element 'label' has no corresponding closing tag.
src/app/contact/page.tsx(127,132): error TS1002: Unterminated string literal.
src/app/contact/page.tsx(128,48): error TS1005: ',' expected.
src/app/contact/page.tsx(128,57): error TS1005: ',' expected.
src/app/contact/page.tsx(128,69): error TS1005: ',' expected.
src/app/contact/page.tsx(128,84): error TS1005: ',' expected.
src/app/contact/page.tsx(128,92): error TS1005: ',' expected.
src/app/contact/page.tsx(128,104): error TS1005: ',' expected.
src/app/contact/page.tsx(128,105): error TS1382: Unexpected token. Did you mean `{'>'}` or `&gt;`?
src/app/contact/page.tsx(128,139): error TS1005: '}' expected.
src/app/contact/page.tsx(128,156): error TS1381: Unexpected token. Did you mean `{'}'}` or `&rbrace;`?
src/app/contact/page.tsx(128,158): error TS1381: Unexpected token. Did you mean `{'}'}` or `&rbrace;`?
src/app/contact/page.tsx(128,352): error TS1382: Unexpected token. Did you mean `{'>'}` or `&gt;`?
src/app/contact/page.tsx(131,42): error TS17008: JSX element 'label' has no corresponding closing tag.
src/app/contact/page.tsx(131,132): error TS1002: Unterminated string literal.
src/app/contact/page.tsx(132,48): error TS1005: ',' expected.
src/app/contact/page.tsx(132,57): error TS1005: ',' expected.
src/app/contact/page.tsx(132,70): error TS1005: ',' expected.
src/app/contact/page.tsx(132,85): error TS1005: ',' expected.
src/app/contact/page.tsx(132,93): error TS1005: ',' expected.
src/app/contact/page.tsx(132,105): error TS1005: ',' expected.
src/app/contact/page.tsx(132,106): error TS1382: Unexpected token. Did you mean `{'>'}` or `&gt;`?
src/app/contact/page.tsx(132,140): error TS1005: '}' expected.
src/app/contact/page.tsx(132,157): error TS1381: Unexpected token. Did you mean `{'}'}` or `&rbrace;`?
src/app/contact/page.tsx(132,159): error TS1381: Unexpected token. Did you mean `{'}'}` or `&rbrace;`?
src/app/contact/page.tsx(132,353): error TS1382: Unexpected token. Did you mean `{'>'}` or `&gt;`?
src/app/contact/page.tsx(136,128): error TS1002: Unterminated string literal.
src/app/contact/page.tsx(137,47): error TS1005: ',' expected.
src/app/contact/page.tsx(137,56): error TS1005: ',' expected.
src/app/contact/page.tsx(137,63): error TS1005: ':' expected.
src/app/contact/page.tsx(137,65): error TS1005: ',' expected.
src/app/contact/page.tsx(137,80): error TS1005: ',' expected.
src/app/contact/page.tsx(137,90): error TS1005: ',' expected.
src/app/contact/page.tsx(137,102): error TS1005: ',' expected.
src/app/contact/page.tsx(137,103): error TS1382: Unexpected token. Did you mean `{'>'}` or `&gt;`?
src/app/contact/page.tsx(137,139): error TS1005: '}' expected.
src/app/contact/page.tsx(137,156): error TS1381: Unexpected token. Did you mean `{'}'}` or `&rbrace;`?
src/app/contact/page.tsx(137,158): error TS1381: Unexpected token. Did you mean `{'}'}` or `&rbrace;`?
src/app/contact/page.tsx(137,362): error TS1382: Unexpected token. Did you mean `{'>'}` or `&gt;`?
src/app/contact/page.tsx(137,365): error TS17002: Expected corresponding JSX closing tag for 'label'.
src/app/contact/page.tsx(140,62): error TS1002: Unterminated string literal.
src/app/contact/page.tsx(141,33): error TS1005: ',' expected.
src/app/contact/page.tsx(144,21): error TS1128: Declaration or statement expected.
src/app/contact/page.tsx(146,17): error TS1109: Expression expected.
src/app/contact/page.tsx(147,13): error TS1109: Expression expected.
src/app/contact/page.tsx(148,9): error TS1109: Expression expected.
src/app/contact/page.tsx(149,5): error TS1109: Expression expected.
src/app/contact/page.tsx(150,1): error TS1128: Declaration or statement expected.
src/app/page.tsx(38,24): error TS1002: Unterminated string literal.
src/app/page.tsx(39,15): error TS1005: ',' expected.
src/app/page.tsx(42,24): error TS1002: Unterminated string literal.
src/app/page.tsx(43,15): error TS1005: ',' expected.
src/app/page.tsx(47,26): error TS1002: Unterminated string literal.
src/app/page.tsx(48,25): error TS1005: ',' expected.
src/app/page.tsx(48,102): error TS1127: Invalid character.
src/app/page.tsx(48,105): error TS17002: Expected corresponding JSX closing tag for 'Link'.
src/app/page.tsx(49,19): error TS17002: Expected corresponding JSX closing tag for 'div'.
src/app/page.tsx(74,13): error TS17002: Expected corresponding JSX closing tag for 'Container'.
src/app/page.tsx(75,11): error TS17002: Expected corresponding JSX closing tag for 'section'.
src/app/page.tsx(76,9): error TS17015: Expected corresponding closing tag for JSX fragment.
src/app/page.tsx(79,16): error TS1005: ';' expected.
src/app/page.tsx(83,28): error TS1002: Unterminated string literal.
src/app/page.tsx(84,15): error TS1005: ',' expected.
src/app/page.tsx(84,27): error TS1005: ':' expected.
src/app/page.tsx(85,15): error TS1005: ',' expected.
src/app/page.tsx(86,14): error TS1109: Expression expected.
src/app/page.tsx(87,13): error TS2657: JSX expressions must have one parent element.
src/app/page.tsx(88,22): error TS1002: Unterminated string literal.
src/app/page.tsx(89,13): error TS1005: ',' expected.
src/app/page.tsx(94,18): error TS17008: JSX element 'p' has no corresponding closing tag.
src/app/page.tsx(94,101): error TS1002: Unterminated string literal.
src/app/page.tsx(95,15): error TS1005: ',' expected.
src/app/page.tsx(98,18): error TS17008: JSX element 'p' has no corresponding closing tag.
src/app/page.tsx(98,101): error TS1002: Unterminated string literal.
src/app/page.tsx(99,15): error TS1005: ',' expected.
src/app/page.tsx(102,18): error TS17008: JSX element 'p' has no corresponding closing tag.
src/app/page.tsx(102,101): error TS1002: Unterminated string literal.
src/app/page.tsx(103,15): error TS1005: ',' expected.
src/app/page.tsx(105,11): error TS1005: ',' expected.
src/app/page.tsx(107,7): error TS1128: Declaration or statement expected.
src/app/page.tsx(110,16): error TS1005: ';' expected.
src/app/page.tsx(113,26): error TS1002: Unterminated string literal.
src/app/page.tsx(114,13): error TS1005: ',' expected.
src/app/page.tsx(114,25): error TS1005: ':' expected.
src/app/page.tsx(115,13): error TS1005: ',' expected.
src/app/page.tsx(116,12): error TS1109: Expression expected.
src/app/page.tsx(125,33): error TS1003: Identifier expected.
src/app/page.tsx(128,33): error TS1003: Identifier expected.
src/app/page.tsx(131,44): error TS1005: ',' expected.
src/app/page.tsx(131,49): error TS1005: ',' expected.
src/app/page.tsx(131,63): error TS1005: ',' expected.
src/app/page.tsx(131,67): error TS1005: ',' expected.
src/app/page.tsx(131,71): error TS1005: ',' expected.
src/app/page.tsx(131,84): error TS1005: ',' expected.
src/app/page.tsx(131,89): error TS1005: ',' expected.
src/app/page.tsx(131,102): error TS1005: ',' expected.
src/app/page.tsx(131,117): error TS1005: ',' expected.
src/app/page.tsx(131,133): error TS1005: ',' expected.
src/app/page.tsx(131,219): error TS1382: Unexpected token. Did you mean `{'>'}` or `&gt;`?
src/app/page.tsx(131,223): error TS17002: Expected corresponding JSX closing tag for 'Link'.
src/app/page.tsx(132,19): error TS17002: Expected corresponding JSX closing tag for 'div'.
src/app/page.tsx(133,15): error TS1005: ')' expected.
src/app/page.tsx(134,14): error TS1005: '}' expected.
src/app/page.tsx(134,15): error TS1381: Unexpected token. Did you mean `{'}'}` or `&rbrace;`?
src/app/page.tsx(135,13): error TS17002: Expected corresponding JSX closing tag for 'Container'.
src/app/page.tsx(136,9): error TS1128: Declaration or statement expected.
src/app/page.tsx(137,7): error TS1109: Expression expected.
src/app/page.tsx(140,16): error TS1005: ';' expected.
src/app/page.tsx(141,9): error TS2657: JSX expressions must have one parent element.
src/app/page.tsx(145,26): error TS1002: Unterminated string literal.
src/app/page.tsx(146,13): error TS1005: ',' expected.
src/app/page.tsx(146,25): error TS1005: ':' expected.
src/app/page.tsx(147,13): error TS1005: ',' expected.
src/app/page.tsx(148,12): error TS1109: Expression expected.
src/app/page.tsx(165,9): error TS1005: ',' expected.
src/app/page.tsx(166,7): error TS1128: Declaration or statement expected.
src/app/page.tsx(168,5): error TS1109: Expression expected.
src/app/page.tsx(168,7): error TS1109: Expression expected.
src/app/page.tsx(169,3): error TS1109: Expression expected.
src/app/products/[id]/page.tsx(41,18): error TS1002: Unterminated string literal.
src/app/products/[id]/page.tsx(42,9): error TS1005: ',' expected.
src/app/products/[id]/page.tsx(44,20): error TS1002: Unterminated string literal.
src/app/products/[id]/page.tsx(45,9): error TS1005: ',' expected.
src/app/products/[id]/page.tsx(77,33): error TS1003: Identifier expected.
src/app/products/[id]/page.tsx(85,65): error TS1002: Unterminated string literal.
src/app/products/[id]/page.tsx(86,15): error TS1005: ',' expected.
src/app/products/[id]/page.tsx(93,28): error TS1002: Unterminated string literal.
src/app/products/[id]/page.tsx(94,19): error TS1005: ',' expected.
src/app/products/[id]/page.tsx(96,76): error TS1002: Unterminated string literal.
src/app/products/[id]/page.tsx(97,19): error TS1005: ',' expected.
src/app/products/[id]/page.tsx(100,58): error TS1002: Unterminated string literal.
src/app/products/[id]/page.tsx(101,24): error TS1005: ',' expected.
src/app/products/[id]/page.tsx(102,21): error TS2657: JSX expressions must have one parent element.
src/app/products/[id]/page.tsx(104,52): error TS1002: Unterminated string literal.
src/app/products/[id]/page.tsx(105,29): error TS1005: ',' expected.
src/app/products/[id]/page.tsx(105,39): error TS1005: ',' expected.
src/app/products/[id]/page.tsx(107,27): error TS1005: ',' expected.
src/app/products/[id]/page.tsx(108,25): error TS1005: ',' expected.
src/app/products/[id]/page.tsx(108,27): error TS17002: Expected corresponding JSX closing tag for 'ul'.
src/app/products/[id]/page.tsx(109,24): error TS1005: '}' expected.
src/app/products/[id]/page.tsx(109,25): error TS1381: Unexpected token. Did you mean `{'}'}` or `&rbrace;`?
src/app/products/[id]/page.tsx(110,23): error TS17002: Expected corresponding JSX closing tag for 'div'.
src/app/products/[id]/page.tsx(112,18): error TS1381: Unexpected token. Did you mean `{'}'}` or `&rbrace;`?
src/app/products/[id]/page.tsx(121,28): error TS1002: Unterminated string literal.
src/app/products/[id]/page.tsx(122,19): error TS1005: ',' expected.
src/app/products/[id]/page.tsx(132,11): error TS17015: Expected corresponding closing tag for JSX fragment.
src/app/products/[id]/page.tsx(133,7): error TS1109: Expression expected.
src/app/products/[id]/page.tsx(136,5): error TS1128: Declaration or statement expected.
src/app/products/[id]/page.tsx(136,7): error TS1109: Expression expected.
src/app/products/[id]/page.tsx(137,3): error TS1109: Expression expected.
src/app/products/ProductsPageContent.tsx(27,34): error TS1002: Unterminated string literal.
src/app/products/ProductsPageContent.tsx(28,21): error TS1005: ',' expected.
src/app/products/ProductsPageContent.tsx(28,33): error TS1003: Identifier expected.
src/app/products/ProductsPageContent.tsx(28,37): error TS1002: Unterminated string literal.
src/app/products/ProductsPageContent.tsx(29,33): error TS1005: ':' expected.
src/app/products/ProductsPageContent.tsx(30,21): error TS1005: ',' expected.
src/app/products/ProductsPageContent.tsx(31,18): error TS1109: Expression expected.
src/app/products/ProductsPageContent.tsx(33,17): error TS2657: JSX expressions must have one parent element.
src/app/products/ProductsPageContent.tsx(43,76): error TS1002: Unterminated string literal.
src/app/products/ProductsPageContent.tsx(44,25): error TS1005: ',' expected.
src/app/products/ProductsPageContent.tsx(54,17): error TS1005: ',' expected.
src/app/products/ProductsPageContent.tsx(54,34): error TS1005: ',' expected.
src/app/products/ProductsPageContent.tsx(57,92): error TS1002: Unterminated string literal.
src/app/products/ProductsPageContent.tsx(59,29): error TS1005: ',' expected.
src/app/products/ProductsPageContent.tsx(59,38): error TS1136: Property assignment expected.
src/app/products/ProductsPageContent.tsx(59,41): error TS1005: ',' expected.
src/app/products/ProductsPageContent.tsx(59,42): error TS1382: Unexpected token. Did you mean `{'>'}` or `&gt;`?
src/app/products/ProductsPageContent.tsx(59,68): error TS1381: Unexpected token. Did you mean `{'}'}` or `&rbrace;`?
src/app/products/ProductsPageContent.tsx(61,25): error TS1382: Unexpected token. Did you mean `{'>'}` or `&gt;`?
src/app/products/ProductsPageContent.tsx(62,36): error TS1002: Unterminated string literal.
src/app/products/ProductsPageContent.tsx(63,25): error TS1005: ',' expected.
src/app/products/ProductsPageContent.tsx(63,27): error TS17002: Expected corresponding JSX closing tag for 'h3'.
src/app/products/ProductsPageContent.tsx(66,13): error TS1005: ',' expected.
src/app/why-us/page.tsx(23,38): error TS1002: Unterminated string literal.
src/app/why-us/page.tsx(24,25): error TS1005: ',' expected.
src/app/why-us/page.tsx(25,25): error TS1005: ',' expected.
src/app/why-us/page.tsx(25,37): error TS1005: ':' expected.
src/app/why-us/page.tsx(26,25): error TS1005: ',' expected.
src/app/why-us/page.tsx(27,22): error TS1109: Expression expected.
src/app/why-us/page.tsx(29,21): error TS2657: JSX expressions must have one parent element.
src/app/why-us/page.tsx(51,124): error TS1002: Unterminated string literal.
src/app/why-us/page.tsx(52,32): error TS1005: ',' expected.
src/app/why-us/page.tsx(52,105): error TS1003: Identifier expected.
src/app/why-us/page.tsx(52,113): error TS1002: Unterminated string literal.
src/app/why-us/page.tsx(53,29): error TS1003: Identifier expected.
src/app/why-us/page.tsx(53,35): error TS1005: ',' expected.
src/app/why-us/page.tsx(53,51): error TS1005: ',' expected.
src/app/why-us/page.tsx(54,36): error TS1003: Identifier expected.
src/app/why-us/page.tsx(54,40): error TS1002: Unterminated string literal.
src/app/why-us/page.tsx(55,29): error TS1138: Parameter declaration expected.
src/app/why-us/page.tsx(55,31): error TS17002: Expected corresponding JSX closing tag for 'h2'.
src/app/why-us/page.tsx(58,17): error TS1005: ',' expected.
src/components/Footer.tsx(11,6): error TS17008: JSX element 'footer' has no corresponding closing tag.
src/components/Footer.tsx(12,8): error TS17008: JSX element 'div' has no corresponding closing tag.
src/components/Footer.tsx(13,10): error TS17008: JSX element 'div' has no corresponding closing tag.
src/components/Footer.tsx(18,22): error TS1002: Unterminated string literal.
src/components/Footer.tsx(19,13): error TS1005: ',' expected.
src/components/Footer.tsx(22,12): error TS17008: JSX element 'div' has no corresponding closing tag.
src/components/Footer.tsx(27,14): error TS17008: JSX element 'ul' has no corresponding closing tag.
src/components/Footer.tsx(28,16): error TS17008: JSX element 'li' has no corresponding closing tag.
src/components/Footer.tsx(28,20): error TS17008: JSX element 'Link' has no corresponding closing tag.
src/components/Footer.tsx(28,162): error TS1002: Unterminated string literal.
src/components/Footer.tsx(29,20): error TS17008: JSX element 'Link' has no corresponding closing tag.
src/components/Footer.tsx(29,170): error TS1002: Unterminated string literal.
src/components/Footer.tsx(30,19): error TS2657: JSX expressions must have one parent element.
src/components/Footer.tsx(30,167): error TS1002: Unterminated string literal.
src/components/Footer.tsx(31,169): error TS1002: Unterminated string literal.
src/components/Footer.tsx(32,13): error TS1005: ',' expected.
src/components/Footer.tsx(32,15): error TS17002: Expected corresponding JSX closing tag for 'Link'.
src/components/Footer.tsx(33,11): error TS1005: ',' expected.
src/components/Footer.tsx(33,13): error TS17002: Expected corresponding JSX closing tag for 'Link'.
src/components/Footer.tsx(35,12): error TS17008: JSX element 'div' has no corresponding closing tag.
src/components/Footer.tsx(41,188): error TS1002: Unterminated string literal.
src/components/Footer.tsx(42,188): error TS1002: Unterminated string literal.
src/components/Footer.tsx(43,19): error TS2657: JSX expressions must have one parent element.
src/components/Footer.tsx(43,188): error TS1002: Unterminated string literal.
src/components/Footer.tsx(44,184): error TS1002: Unterminated string literal.
src/components/Footer.tsx(45,13): error TS1005: ',' expected.
src/components/Footer.tsx(45,15): error TS17002: Expected corresponding JSX closing tag for 'Link'.
src/components/Footer.tsx(46,11): error TS1005: ',' expected.
src/components/Footer.tsx(46,13): error TS17002: Expected corresponding JSX closing tag for 'Link'.
src/components/Footer.tsx(50,22): error TS1002: Unterminated string literal.
src/components/Footer.tsx(51,21): error TS1005: ',' expected.
src/components/Footer.tsx(51,91): error TS1109: Expression expected.
src/components/Footer.tsx(51,93): error TS17002: Expected corresponding JSX closing tag for 'h4'.
src/components/Footer.tsx(52,15): error TS17002: Expected corresponding JSX closing tag for 'div'.
src/components/Footer.tsx(56,18): error TS17008: JSX element 'span' has no corresponding closing tag.
src/components/Footer.tsx(56,104): error TS1002: Unterminated string literal.
src/components/Footer.tsx(57,15): error TS1005: ',' expected.
src/components/Footer.tsx(60,18): error TS17008: JSX element 'span' has no corresponding closing tag.
src/components/Footer.tsx(60,96): error TS1002: Unterminated string literal.
src/components/Footer.tsx(61,15): error TS1005: ',' expected.
src/components/Footer.tsx(64,18): error TS17008: JSX element 'span' has no corresponding closing tag.
src/components/Footer.tsx(64,83): error TS1002: Unterminated string literal.
src/components/Footer.tsx(65,15): error TS1005: ',' expected.
src/components/Footer.tsx(68,18): error TS17008: JSX element 'span' has no corresponding closing tag.
src/components/Footer.tsx(68,83): error TS1002: Unterminated string literal.
src/components/Footer.tsx(69,15): error TS1005: ',' expected.
src/components/Footer.tsx(71,11): error TS1005: ',' expected.
src/components/Footer.tsx(71,13): error TS17002: Expected corresponding JSX closing tag for 'Link'.
src/components/Footer.tsx(73,9): error TS1005: ',' expected.
src/components/Footer.tsx(73,11): error TS17002: Expected corresponding JSX closing tag for 'Link'.
src/components/Footer.tsx(77,67): error TS1002: Unterminated string literal.
src/components/Footer.tsx(78,11): error TS1005: ',' expected.
src/components/Footer.tsx(80,9): error TS17002: Expected corresponding JSX closing tag for 'li'.
src/components/Footer.tsx(81,7): error TS17002: Expected corresponding JSX closing tag for 'ul'.
src/components/Footer.tsx(83,1): error TS1381: Unexpected token. Did you mean `{'}'}` or `&rbrace;`?
src/components/Footer.tsx(84,1): error TS1005: ')' expected.
src/components/Footer.tsx(84,1): error TS1005: '</' expected.
src/components/Navbar.tsx(35,14): error TS17008: JSX element 'Link' has no corresponding closing tag.
src/components/Navbar.tsx(35,149): error TS1002: Unterminated string literal.
src/components/Navbar.tsx(36,19): error TS1005: ',' expected.
src/components/Navbar.tsx(36,33): error TS1005: ',' expected.
src/components/Navbar.tsx(36,143): error TS1003: Identifier expected.
src/components/Navbar.tsx(36,154): error TS1002: Unterminated string literal.
src/components/Navbar.tsx(37,13): error TS1003: Identifier expected.
src/components/Navbar.tsx(37,19): error TS1005: ',' expected.
src/components/Navbar.tsx(37,36): error TS1005: ',' expected.
src/components/Navbar.tsx(37,146): error TS1003: Identifier expected.
src/components/Navbar.tsx(37,157): error TS1002: Unterminated string literal.
src/components/Navbar.tsx(38,13): error TS1003: Identifier expected.
src/components/Navbar.tsx(38,19): error TS1005: ',' expected.
src/components/Navbar.tsx(38,34): error TS1005: ',' expected.
src/components/Navbar.tsx(38,144): error TS1003: Identifier expected.
src/components/Navbar.tsx(38,155): error TS1002: Unterminated string literal.
src/components/Navbar.tsx(39,13): error TS1003: Identifier expected.
src/components/Navbar.tsx(39,19): error TS1005: ',' expected.
src/components/Navbar.tsx(39,35): error TS1005: ',' expected.
src/components/Navbar.tsx(39,145): error TS1003: Identifier expected.
src/components/Navbar.tsx(39,156): error TS1002: Unterminated string literal.
src/components/Navbar.tsx(40,11): error TS1138: Parameter declaration expected.
src/components/Navbar.tsx(63,12): error TS17008: JSX element 'Link' has no corresponding closing tag.
src/components/Navbar.tsx(63,158): error TS1002: Unterminated string literal.
src/components/Navbar.tsx(64,17): error TS1005: ',' expected.
src/components/Navbar.tsx(64,31): error TS1005: ',' expected.
src/components/Navbar.tsx(64,108): error TS1005: ',' expected.
src/components/Navbar.tsx(64,117): error TS1136: Property assignment expected.
src/components/Navbar.tsx(64,120): error TS1005: ',' expected.
src/components/Navbar.tsx(64,121): error TS1382: Unexpected token. Did you mean `{'>'}` or `&gt;`?
src/components/Navbar.tsx(64,147): error TS1381: Unexpected token. Did you mean `{'}'}` or `&rbrace;`?
src/components/Navbar.tsx(64,148): error TS1382: Unexpected token. Did you mean `{'>'}` or `&gt;`?
src/components/Navbar.tsx(64,163): error TS1002: Unterminated string literal.
src/components/Navbar.tsx(65,17): error TS1005: ',' expected.
src/components/Navbar.tsx(65,34): error TS1005: ',' expected.
src/components/Navbar.tsx(65,111): error TS1005: ',' expected.
src/components/Navbar.tsx(65,120): error TS1136: Property assignment expected.
src/components/Navbar.tsx(65,123): error TS1005: ',' expected.
src/components/Navbar.tsx(65,124): error TS1382: Unexpected token. Did you mean `{'>'}` or `&gt;`?
src/components/Navbar.tsx(65,150): error TS1381: Unexpected token. Did you mean `{'}'}` or `&rbrace;`?
src/components/Navbar.tsx(65,151): error TS1382: Unexpected token. Did you mean `{'>'}` or `&gt;`?
src/components/Navbar.tsx(65,166): error TS1002: Unterminated string literal.
src/components/Navbar.tsx(66,17): error TS1005: ',' expected.
src/components/Navbar.tsx(66,32): error TS1005: ',' expected.
src/components/Navbar.tsx(66,109): error TS1005: ',' expected.
src/components/Navbar.tsx(66,118): error TS1136: Property assignment expected.
src/components/Navbar.tsx(66,121): error TS1005: ',' expected.
src/components/Navbar.tsx(66,122): error TS1382: Unexpected token. Did you mean `{'>'}` or `&gt;`?
src/components/Navbar.tsx(66,148): error TS1381: Unexpected token. Did you mean `{'}'}` or `&rbrace;`?
src/components/Navbar.tsx(66,149): error TS1382: Unexpected token. Did you mean `{'>'}` or `&gt;`?
src/components/Navbar.tsx(66,164): error TS1002: Unterminated string literal.
src/components/Navbar.tsx(67,17): error TS1005: ',' expected.
src/components/Navbar.tsx(67,33): error TS1005: ',' expected.
src/components/Navbar.tsx(67,110): error TS1005: ',' expected.
src/components/Navbar.tsx(67,119): error TS1136: Property assignment expected.
src/components/Navbar.tsx(67,122): error TS1005: ',' expected.
src/components/Navbar.tsx(67,123): error TS1382: Unexpected token. Did you mean `{'>'}` or `&gt;`?
src/components/Navbar.tsx(67,149): error TS1381: Unexpected token. Did you mean `{'}'}` or `&rbrace;`?
src/components/Navbar.tsx(67,150): error TS1382: Unexpected token. Did you mean `{'>'}` or `&gt;`?
src/components/Navbar.tsx(67,165): error TS1002: Unterminated string literal.
src/components/Navbar.tsx(68,16): error TS1005: ',' expected.
src/components/Navbar.tsx(70,11): error TS1005: ',' expected.
src/components/Navbar.tsx(72,9): error TS17002: Expected corresponding JSX closing tag for 'header'.
src/components/Navbar.tsx(73,5): error TS1005: ')' expected.
src/components/Navbar.tsx(74,3): error TS1109: Expression expected.
src/components/ProductCard.tsx(27,43): error TS1003: Identifier expected.
src/components/ProductCard.tsx(35,58): error TS1005: ':' expected.
src/components/ProductCard.tsx(39,58): error TS1005: ':' expected.
src/components/ProductCard.tsx(45,54): error TS1005: ',' expected.
src/components/ProductCard.tsx(45,64): error TS1005: ',' expected.
src/components/ProductCard.tsx(45,75): error TS1005: ',' expected.
src/components/ProductCard.tsx(45,107): error TS1382: Unexpected token. Did you mean `{'>'}` or `&gt;`?
src/components/ProductCard.tsx(46,27): error TS17002: Expected corresponding JSX closing tag for 'div'.
src/components/ProductCard.tsx(56,15): error TS17002: Expected corresponding JSX closing tag for 'Link'.
src/components/ProductCard.tsx(57,9): error TS1005: ')' expected.
src/components/ProductCard.tsx(58,5): error TS1109: Expression expected.
src/components/QuoteModal.tsx(25,72): error TS1002: Unterminated string literal.
src/components/QuoteModal.tsx(27,5): error TS1005: ',' expected.
src/components/QuoteModal.tsx(65,82): error TS1002: Unterminated string literal.
src/components/QuoteModal.tsx(66,33): error TS1005: ',' expected.
src/components/QuoteModal.tsx(66,51): error TS1005: ',' expected.
src/components/QuoteModal.tsx(66,115): error TS1109: Expression expected.
src/components/QuoteModal.tsx(66,121): error TS1005: ')' expected.
src/components/QuoteModal.tsx(66,124): error TS17002: Expected corresponding JSX closing tag for 'h3'.
src/components/QuoteModal.tsx(71,30): error TS17008: JSX element 'p' has no corresponding closing tag.
src/components/QuoteModal.tsx(71,86): error TS1002: Unterminated string literal.
src/components/QuoteModal.tsx(72,25): error TS1005: ',' expected.
src/components/QuoteModal.tsx(81,34): error TS17008: JSX element 'label' has no corresponding closing tag.
src/components/QuoteModal.tsx(81,110): error TS1002: Unterminated string literal.
src/components/QuoteModal.tsx(82,40): error TS1005: ',' expected.
src/components/QuoteModal.tsx(82,49): error TS1005: ',' expected.
src/components/QuoteModal.tsx(82,61): error TS1005: ',' expected.
src/components/QuoteModal.tsx(82,76): error TS1005: ',' expected.
src/components/QuoteModal.tsx(82,83): error TS1005: ',' expected.
src/components/QuoteModal.tsx(82,95): error TS1005: ',' expected.
src/components/QuoteModal.tsx(82,96): error TS1382: Unexpected token. Did you mean `{'>'}` or `&gt;`?
src/components/QuoteModal.tsx(82,129): error TS1005: '}' expected.
src/components/QuoteModal.tsx(82,146): error TS1381: Unexpected token. Did you mean `{'}'}` or `&rbrace;`?
src/components/QuoteModal.tsx(82,148): error TS1381: Unexpected token. Did you mean `{'}'}` or `&rbrace;`?
src/components/QuoteModal.tsx(82,344): error TS1382: Unexpected token. Did you mean `{'>'}` or `&gt;`?
src/components/QuoteModal.tsx(87,38): error TS17008: JSX element 'label' has no corresponding closing tag.
src/components/QuoteModal.tsx(87,114): error TS1002: Unterminated string literal.
src/components/QuoteModal.tsx(88,44): error TS1005: ',' expected.
src/components/QuoteModal.tsx(88,53): error TS1005: ',' expected.
src/components/QuoteModal.tsx(88,65): error TS1005: ',' expected.
src/components/QuoteModal.tsx(88,80): error TS1005: ',' expected.
src/components/QuoteModal.tsx(88,88): error TS1005: ',' expected.
src/components/QuoteModal.tsx(88,100): error TS1005: ',' expected.
src/components/QuoteModal.tsx(88,101): error TS1382: Unexpected token. Did you mean `{'>'}` or `&gt;`?
src/components/QuoteModal.tsx(88,135): error TS1005: '}' expected.
src/components/QuoteModal.tsx(88,152): error TS1381: Unexpected token. Did you mean `{'}'}` or `&rbrace;`?
src/components/QuoteModal.tsx(88,154): error TS1381: Unexpected token. Did you mean `{'}'}` or `&rbrace;`?
src/components/QuoteModal.tsx(88,350): error TS1382: Unexpected token. Did you mean `{'>'}` or `&gt;`?
src/components/QuoteModal.tsx(91,38): error TS17008: JSX element 'label' has no corresponding closing tag.
src/components/QuoteModal.tsx(91,114): error TS1002: Unterminated string literal.
src/components/QuoteModal.tsx(92,44): error TS1005: ',' expected.
src/components/QuoteModal.tsx(92,53): error TS1005: ',' expected.
src/components/QuoteModal.tsx(92,66): error TS1005: ',' expected.
src/components/QuoteModal.tsx(92,81): error TS1005: ',' expected.
src/components/QuoteModal.tsx(92,89): error TS1005: ',' expected.
src/components/QuoteModal.tsx(92,101): error TS1005: ',' expected.
src/components/QuoteModal.tsx(92,102): error TS1382: Unexpected token. Did you mean `{'>'}` or `&gt;`?
src/components/QuoteModal.tsx(92,136): error TS1005: '}' expected.
src/components/QuoteModal.tsx(92,153): error TS1381: Unexpected token. Did you mean `{'}'}` or `&rbrace;`?
src/components/QuoteModal.tsx(92,155): error TS1381: Unexpected token. Did you mean `{'}'}` or `&rbrace;`?
src/components/QuoteModal.tsx(92,351): error TS1382: Unexpected token. Did you mean `{'>'}` or `&gt;`?
src/components/QuoteModal.tsx(97,110): error TS1002: Unterminated string literal.
src/components/QuoteModal.tsx(98,43): error TS1005: ',' expected.
src/components/QuoteModal.tsx(98,50): error TS1005: ':' expected.
src/components/QuoteModal.tsx(98,52): error TS1005: ',' expected.
src/components/QuoteModal.tsx(98,67): error TS1005: ',' expected.
src/components/QuoteModal.tsx(98,77): error TS1005: ',' expected.
src/components/QuoteModal.tsx(98,89): error TS1005: ',' expected.
src/components/QuoteModal.tsx(98,90): error TS1382: Unexpected token. Did you mean `{'>'}` or `&gt;`?
src/components/QuoteModal.tsx(98,126): error TS1005: '}' expected.
src/components/QuoteModal.tsx(98,143): error TS1381: Unexpected token. Did you mean `{'}'}` or `&rbrace;`?
src/components/QuoteModal.tsx(98,145): error TS1381: Unexpected token. Did you mean `{'}'}` or `&rbrace;`?
src/components/QuoteModal.tsx(98,351): error TS1382: Unexpected token. Did you mean `{'>'}` or `&gt;`?
src/components/QuoteModal.tsx(98,354): error TS17002: Expected corresponding JSX closing tag for 'label'.
src/components/QuoteModal.tsx(102,58): error TS1002: Unterminated string literal.
src/components/QuoteModal.tsx(103,29): error TS1005: ',' expected.
src/middleware.ts(6,34): error TS1002: Unterminated string literal.
src/middleware.ts(9,5): error TS1005: ',' expected.
src/middleware.ts(12,61): error TS1002: Unterminated string literal.
src/middleware.ts(13,9): error TS1005: ',' expected.
